warning: virtual workspace defaulting to `resolver = "1"` despite one or more workspace members being on edition 2021 which implies `resolver = "2"`
  |
  = note: to keep the current resolver, specify `workspace.resolver = "1"` in the workspace root's manifest
  = note: to use the edition 2021 resolver, specify `workspace.resolver = "2"` in the workspace root's manifest
  = note: for more details see https://doc.rust-lang.org/cargo/reference/resolver.html#resolver-versions
   Compiling proc-macro2 v1.0.106
   Compiling unicode-ident v1.0.24
   Compiling quote v1.0.45
   Compiling libc v0.2.183
   Compiling syn v2.0.117
   Compiling cfg-if v1.0.4
   Compiling serde_core v1.0.228
   Compiling memchr v2.8.0
   Compiling serde v1.0.228
   Compiling crossbeam-utils v0.8.21
   Compiling getrandom v0.2.17
   Compiling pin-project-lite v0.2.17
   Compiling rand_core v0.6.4
   Compiling aho-corasick v1.1.4
   Compiling serde_derive v1.0.228
   Compiling errno v0.3.14
   Compiling regex-syntax v0.8.10
   Compiling bytes v1.11.1
   Compiling parking_lot_core v0.9.12
   Compiling smallvec v1.15.1
   Compiling autocfg v1.5.0
   Compiling indexmap v1.9.3
   Compiling regex-automata v0.4.14
   Compiling signal-hook-registry v1.4.8
   Compiling scopeguard v1.2.0
   Compiling version_check v0.9.5
   Compiling typenum v1.19.0
   Compiling anyhow v1.0.102
   Compiling generic-array v0.14.7
   Compiling lock_api v0.4.14
   Compiling log v0.4.29
   Compiling once_cell v1.21.3
   Compiling futures-core v0.3.32
   Compiling parking_lot v0.12.5
   Compiling equivalent v1.0.2
   Compiling hashbrown v0.16.1
   Compiling itoa v1.0.17
   Compiling indexmap v2.13.0
   Compiling tokio-macros v2.6.1
   Compiling mio v1.1.1
   Compiling socket2 v0.6.3
   Compiling futures-sink v0.3.32
   Compiling zmij v1.0.21
   Compiling either v1.15.0
   Compiling itertools v0.12.1
   Compiling tokio v1.50.0
   Compiling regex v1.12.3
   Compiling tracing-core v0.1.36
   Compiling rustversion v1.0.22
   Compiling prost-derive v0.12.6
   Compiling crossbeam-epoch v0.9.18
   Compiling futures-channel v0.3.32
   Compiling crypto-common v0.1.7
   Compiling tracing-attributes v0.1.31
   Compiling futures-macro v0.3.32
   Compiling bstr v1.12.1
   Compiling fnv v1.0.7
   Compiling slab v0.4.12
   Compiling futures-io v0.3.32
   Compiling zerocopy v0.8.41
   Compiling serde_json v1.0.149
   Compiling same-file v1.0.6
   Compiling futures-task v0.3.32
   Compiling futures-util v0.3.32
   Compiling walkdir v2.5.0
   Compiling http v0.2.12
   Compiling globset v0.4.18
